1583372222.850746 client started (39376): version 3.0a, socket /tmp//tmux-501/default, protocol 8
1583372222.850847 on Darwin 19.3.0 Darwin Kernel Version 19.3.0: Thu Jan  9 20:58:23 PST 2020; root:xnu-6153.81.5~1/RELEASE_X86_64; libevent 2.1.11-stable (select)
1583372222.850888 socket is /tmp//tmux-501/default
1583372222.850912 trying connect
1583372222.851042 add peer 0x7fafe0040000: 6 (0x0)
1583372222.854110 sending message 100 to peer 0x7fafe0040000 (4 bytes)
1583372222.854168 sending message 101 to peer 0x7fafe0040000 (7 bytes)
1583372222.854177 sending message 102 to peer 0x7fafe0040000 (13 bytes)
1583372222.854184 sending message 108 to peer 0x7fafe0040000 (28 bytes)
1583372222.854200 sending message 104 to peer 0x7fafe0040000 (0 bytes)
1583372222.854208 sending message 107 to peer 0x7fafe0040000 (4 bytes)
1583372222.854215 sending message 105 to peer 0x7fafe0040000 (15 bytes)
1583372222.854222 sending message 105 to peer 0x7fafe0040000 (20 bytes)
1583372222.854229 sending message 105 to peer 0x7fafe0040000 (22 bytes)
1583372222.854236 sending message 105 to peer 0x7fafe0040000 (19 bytes)
1583372222.854243 sending message 105 to peer 0x7fafe0040000 (22 bytes)
1583372222.854249 sending message 105 to peer 0x7fafe0040000 (61 bytes)
1583372222.854256 sending message 105 to peer 0x7fafe0040000 (17 bytes)
1583372222.854263 sending message 105 to peer 0x7fafe0040000 (19 bytes)
1583372222.854270 sending message 105 to peer 0x7fafe0040000 (26 bytes)
1583372222.854277 sending message 105 to peer 0x7fafe0040000 (8 bytes)
1583372222.854284 sending message 105 to peer 0x7fafe0040000 (15 bytes)
1583372222.854291 sending message 105 to peer 0x7fafe0040000 (32 bytes)
1583372222.854298 sending message 105 to peer 0x7fafe0040000 (54 bytes)
1583372222.854305 sending message 105 to peer 0x7fafe0040000 (11 bytes)
1583372222.854312 sending message 105 to peer 0x7fafe0040000 (162 bytes)
1583372222.854318 sending message 105 to peer 0x7fafe0040000 (32 bytes)
1583372222.854325 sending message 105 to peer 0x7fafe0040000 (16 bytes)
1583372222.854332 sending message 105 to peer 0x7fafe0040000 (24 bytes)
1583372222.854339 sending message 105 to peer 0x7fafe0040000 (15 bytes)
1583372222.854346 sending message 105 to peer 0x7fafe0040000 (8 bytes)
1583372222.854353 sending message 105 to peer 0x7fafe0040000 (66 bytes)
1583372222.854370 sending message 105 to peer 0x7fafe0040000 (12 bytes)
1583372222.854377 sending message 105 to peer 0x7fafe0040000 (23 bytes)
1583372222.854384 sending message 105 to peer 0x7fafe0040000 (27 bytes)
1583372222.854391 sending message 105 to peer 0x7fafe0040000 (60 bytes)
1583372222.854398 sending message 105 to peer 0x7fafe0040000 (57 bytes)
1583372222.854404 sending message 105 to peer 0x7fafe0040000 (34 bytes)
1583372222.854412 sending message 105 to peer 0x7fafe0040000 (14 bytes)
1583372222.854419 sending message 105 to peer 0x7fafe0040000 (12 bytes)
1583372222.854428 sending message 105 to peer 0x7fafe0040000 (14 bytes)
1583372222.854435 sending message 105 to peer 0x7fafe0040000 (19 bytes)
1583372222.854442 sending message 105 to peer 0x7fafe0040000 (29 bytes)
1583372222.854449 sending message 105 to peer 0x7fafe0040000 (38 bytes)
1583372222.854456 sending message 105 to peer 0x7fafe0040000 (82 bytes)
1583372222.854463 sending message 105 to peer 0x7fafe0040000 (21 bytes)
1583372222.854469 sending message 105 to peer 0x7fafe0040000 (22 bytes)
1583372222.854476 sending message 106 to peer 0x7fafe0040000 (0 bytes)
1583372222.854486 sending message 200 to peer 0x7fafe0040000 (4 bytes)
1583372222.854497 client loop enter
1583372222.854813 peer 0x7fafe0040000 message 211
1583372222.854834 client_write: sessions should be nested with care, unset $TMUX to force\n
1583372222.854856 peer 0x7fafe0040000 message 203
1583372222.854864 client loop exit
